<p>BLOCKQUOTE</p>
<p>Testing that I can have block quotes:</p>
<pre>
  <p><em>Example:</em></p>
  <p>This is blockquote text.</p>
</pre>
<p>And now I&#8217;m back to normal text!</p>
