<h1 class="title">Fou</h1>
<p>not center</p>
<div style="text-align: center">
  <p>center</p>
</div>
<p>not center, again</p>
