<h1 class="title">Export Title</h1>
<p>This simple org document should get a title from the <code>TITLE</code> option at
  the front of the file.</p>
