<h1 class="title">skip-header.org</h1>
<h1><span class="heading-number heading-number-1">1</span> First heading</h1>
<p>This should be the first text in the output.</p>
