<h1 class="title">skip-table.org</h1>
<p>Checking that tables are skipped when directed.</p>
<p>For grins, here&#8217;s another table without a header. Just keep the bases
  covered.</p>
<p>Again, in the HTML output, you should see <b>no tables</b>.</p>
